// Jest Snapshot v1, https://goo.gl/fbAQLP

exports[`station renders correctly 1`] = `
ShallowWrapper {
  "length": 1,
  Symbol(enzyme.__root__): [Circular],
  Symbol(enzyme.__unrendered__): <Unknown
    estimatedAt="On time"
    hasDeparted={true}
    isDestination={false}
    isOrigin={true}
    isTrainHere={true}
    onTime={undefined}
    scheduledAt="10:00"
    station="Sevenoaks"
/>,
  Symbol(enzyme.__renderer__): Object {
    "batchedUpdates": [Function],
    "getNode": [Function],
    "render": [Function],
    "simulateEvent": [Function],
    "unmount": [Function],
  },
  Symbol(enzyme.__node__): Object {
    "instance": null,
    "key": undefined,
    "nodeType": "host",
    "props": Object {
      "children": Array [
        <div
          className="stationTime"
>
          10:00
           
          <br />
          <div
                    className="stationTrainHere"
          >
                    <i
                              className="material-icons md-18"
                    >
                              train
                    </i>
          </div>
</div>,
        <div
          className="stationCircle stationFilled"
>
           
</div>,
        <div
          className="stationInfo"
>
          <div
                    className=""
          >
                    Sevenoaks
          </div>
          <div
                    className="stationTimeInfo"
          >
                    On time
          </div>
</div>,
      ],
      "className": "stationContainer",
    },
    "ref": null,
    "rendered": Array [
      Object {
        "instance": null,
        "key": undefined,
        "nodeType": "host",
        "props": Object {
          "children": Array [
            "10:00",
            " ",
            <br />,
            <div
              className="stationTrainHere"
>
              <i
                            className="material-icons md-18"
              >
                            train
              </i>
</div>,
          ],
          "className": "stationTime",
        },
        "ref": null,
        "rendered": Array [
          "10:00",
          " ",
          Object {
            "instance": null,
            "key": undefined,
            "nodeType": "host",
            "props": Object {},
            "ref": null,
            "rendered": null,
            "type": "br",
          },
          Object {
            "instance": null,
            "key": undefined,
            "nodeType": "host",
            "props": Object {
              "children": <i
                className="material-icons md-18"
>
                train
</i>,
              "className": "stationTrainHere",
            },
            "ref": null,
            "rendered": Object {
              "instance": null,
              "key": undefined,
              "nodeType": "host",
              "props": Object {
                "children": "train",
                "className": "material-icons md-18",
              },
              "ref": null,
              "rendered": "train",
              "type": "i",
            },
            "type": "div",
          },
        ],
        "type": "div",
      },
      Object {
        "instance": null,
        "key": undefined,
        "nodeType": "host",
        "props": Object {
          "children": " ",
          "className": "stationCircle stationFilled",
        },
        "ref": null,
        "rendered": " ",
        "type": "div",
      },
      Object {
        "instance": null,
        "key": undefined,
        "nodeType": "host",
        "props": Object {
          "children": Array [
            <div
              className=""
>
              Sevenoaks
</div>,
            <div
              className="stationTimeInfo"
>
              On time
</div>,
          ],
          "className": "stationInfo",
        },
        "ref": null,
        "rendered": Array [
          Object {
            "instance": null,
            "key": undefined,
            "nodeType": "host",
            "props": Object {
              "children": "Sevenoaks",
              "className": "",
            },
            "ref": null,
            "rendered": "Sevenoaks",
            "type": "div",
          },
          Object {
            "instance": null,
            "key": undefined,
            "nodeType": "host",
            "props": Object {
              "children": "On time",
              "className": "stationTimeInfo",
            },
            "ref": null,
            "rendered": "On time",
            "type": "div",
          },
        ],
        "type": "div",
      },
    ],
    "type": "div",
  },
  Symbol(enzyme.__nodes__): Array [
    Object {
      "instance": null,
      "key": undefined,
      "nodeType": "host",
      "props": Object {
        "children": Array [
          <div
            className="stationTime"
>
            10:00
             
            <br />
            <div
                        className="stationTrainHere"
            >
                        <i
                                    className="material-icons md-18"
                        >
                                    train
                        </i>
            </div>
</div>,
          <div
            className="stationCircle stationFilled"
>
             
</div>,
          <div
            className="stationInfo"
>
            <div
                        className=""
            >
                        Sevenoaks
            </div>
            <div
                        className="stationTimeInfo"
            >
                        On time
            </div>
</div>,
        ],
        "className": "stationContainer",
      },
      "ref": null,
      "rendered": Array [
        Object {
          "instance": null,
          "key": undefined,
          "nodeType": "host",
          "props": Object {
            "children": Array [
              "10:00",
              " ",
              <br />,
              <div
                className="stationTrainHere"
>
                <i
                                className="material-icons md-18"
                >
                                train
                </i>
</div>,
            ],
            "className": "stationTime",
          },
          "ref": null,
          "rendered": Array [
            "10:00",
            " ",
            Object {
              "instance": null,
              "key": undefined,
              "nodeType": "host",
              "props": Object {},
              "ref": null,
              "rendered": null,
              "type": "br",
            },
            Object {
              "instance": null,
              "key": undefined,
              "nodeType": "host",
              "props": Object {
                "children": <i
                  className="material-icons md-18"
>
                  train
</i>,
                "className": "stationTrainHere",
              },
              "ref": null,
              "rendered": Object {
                "instance": null,
                "key": undefined,
                "nodeType": "host",
                "props": Object {
                  "children": "train",
                  "className": "material-icons md-18",
                },
                "ref": null,
                "rendered": "train",
                "type": "i",
              },
              "type": "div",
            },
          ],
          "type": "div",
        },
        Object {
          "instance": null,
          "key": undefined,
          "nodeType": "host",
          "props": Object {
            "children": " ",
            "className": "stationCircle stationFilled",
          },
          "ref": null,
          "rendered": " ",
          "type": "div",
        },
        Object {
          "instance": null,
          "key": undefined,
          "nodeType": "host",
          "props": Object {
            "children": Array [
              <div
                className=""
>
                Sevenoaks
</div>,
              <div
                className="stationTimeInfo"
>
                On time
</div>,
            ],
            "className": "stationInfo",
          },
          "ref": null,
          "rendered": Array [
            Object {
              "instance": null,
              "key": undefined,
              "nodeType": "host",
              "props": Object {
                "children": "Sevenoaks",
                "className": "",
              },
              "ref": null,
              "rendered": "Sevenoaks",
              "type": "div",
            },
            Object {
              "instance": null,
              "key": undefined,
              "nodeType": "host",
              "props": Object {
                "children": "On time",
                "className": "stationTimeInfo",
              },
              "ref": null,
              "rendered": "On time",
              "type": "div",
            },
          ],
          "type": "div",
        },
      ],
      "type": "div",
    },
  ],
  Symbol(enzyme.__options__): Object {
    "adapter": ReactSixteenAdapter {
      "options": Object {
        "enableComponentDidUpdateOnSetState": true,
      },
    },
  },
}
`;
